Archive member included to satisfy reference by file (symbol)

c:/st/stm32cubeide_1.4.0/stm32cubeide/plugins/com.st.stm32cube.ide.mcu.externaltools.gnu-tools-for-stm32.7-2018-q2-update.win32_1.4.0.202007081208/tools/bin/../lib/gcc/arm-none-eabi/7.3.1/../../../../arm-none-eabi/lib/thumb/v7-m\libc_nano.a(lib_a-errno.o)
                              Src/syscalls.o (__errno)
c:/st/stm32cubeide_1.4.0/stm32cubeide/plugins/com.st.stm32cube.ide.mcu.externaltools.gnu-tools-for-stm32.7-2018-q2-update.win32_1.4.0.202007081208/tools/bin/../lib/gcc/arm-none-eabi/7.3.1/../../../../arm-none-eabi/lib/thumb/v7-m\libc_nano.a(lib_a-exit.o)
                              c:/st/stm32cubeide_1.4.0/stm32cubeide/plugins/com.st.stm32cube.ide.mcu.externaltools.gnu-tools-for-stm32.7-2018-q2-update.win32_1.4.0.202007081208/tools/bin/../lib/gcc/arm-none-eabi/7.3.1/../../../../arm-none-eabi/lib/thumb/v7-m/crt0.o (exit)
c:/st/stm32cubeide_1.4.0/stm32cubeide/plugins/com.st.stm32cube.ide.mcu.externaltools.gnu-tools-for-stm32.7-2018-q2-update.win32_1.4.0.202007081208/tools/bin/../lib/gcc/arm-none-eabi/7.3.1/../../../../arm-none-eabi/lib/thumb/v7-m\libc_nano.a(lib_a-impure.o)
                              c:/st/stm32cubeide_1.4.0/stm32cubeide/plugins/com.st.stm32cube.ide.mcu.externaltools.gnu-tools-for-stm32.7-2018-q2-update.win32_1.4.0.202007081208/tools/bin/../lib/gcc/arm-none-eabi/7.3.1/../../../../arm-none-eabi/lib/thumb/v7-m\libc_nano.a(lib_a-exit.o) (_global_impure_ptr)
c:/st/stm32cubeide_1.4.0/stm32cubeide/plugins/com.st.stm32cube.ide.mcu.externaltools.gnu-tools-for-stm32.7-2018-q2-update.win32_1.4.0.202007081208/tools/bin/../lib/gcc/arm-none-eabi/7.3.1/../../../../arm-none-eabi/lib/thumb/v7-m\libc_nano.a(lib_a-init.o)
                              c:/st/stm32cubeide_1.4.0/stm32cubeide/plugins/com.st.stm32cube.ide.mcu.externaltools.gnu-tools-for-stm32.7-2018-q2-update.win32_1.4.0.202007081208/tools/bin/../lib/gcc/arm-none-eabi/7.3.1/../../../../arm-none-eabi/lib/thumb/v7-m/crt0.o (__libc_init_array)
c:/st/stm32cubeide_1.4.0/stm32cubeide/plugins/com.st.stm32cube.ide.mcu.externaltools.gnu-tools-for-stm32.7-2018-q2-update.win32_1.4.0.202007081208/tools/bin/../lib/gcc/arm-none-eabi/7.3.1/../../../../arm-none-eabi/lib/thumb/v7-m\libc_nano.a(lib_a-memset.o)
                              c:/st/stm32cubeide_1.4.0/stm32cubeide/plugins/com.st.stm32cube.ide.mcu.externaltools.gnu-tools-for-stm32.7-2018-q2-update.win32_1.4.0.202007081208/tools/bin/../lib/gcc/arm-none-eabi/7.3.1/../../../../arm-none-eabi/lib/thumb/v7-m/crt0.o (memset)
c:/st/stm32cubeide_1.4.0/stm32cubeide/plugins/com.st.stm32cube.ide.mcu.externaltools.gnu-tools-for-stm32.7-2018-q2-update.win32_1.4.0.202007081208/tools/bin/../lib/gcc/arm-none-eabi/7.3.1/../../../../arm-none-eabi/lib/thumb/v7-m\libc_nano.a(lib_a-strcmp.o)
                              MYRTOS/Scheduler.o (strcmp)

Allocating common symbols
Common symbol       size              file

PinConfigSevenSegment
                    0x4               HAL/Seven_segment.o
Task4               0x44              Src/main.o
task2LED            0x4               Src/main.o
Ready_Queue         0x14              MYRTOS/Scheduler.o
MUTEX1              0x30              Src/main.o
OS_Control          0x1ac             MYRTOS/Scheduler.o
task3LED            0x4               Src/main.o
G_Mutex             0x190             MYRTOS/Scheduler.o
task4LED            0x4               Src/main.o
PinConfigKayPad     0x4               HAL/Kaypad.o
Task1               0x44              Src/main.o
PinConfigLCD        0x4               HAL/lcd.o
Task3               0x44              Src/main.o
systickLED          0x4               MYRTOS/Scheduler.o
task1LED            0x4               Src/main.o
IdletaskLED         0x4               MYRTOS/Scheduler.o
Task2               0x44              Src/main.o
GP_IRQ_CallBack     0x3c              STM32F103C6_Driver/STM32F103C6_EXTRI_Driver.o
MYRTOS_IDLE_Task    0x44              MYRTOS/Scheduler.o
Ready_Queue_FIFO    0x190             MYRTOS/Scheduler.o

Discarded input sections

 .text          0x0000000000000000        0x0 c:/st/stm32cubeide_1.4.0/stm32cubeide/plugins/com.st.stm32cube.ide.mcu.externaltools.gnu-tools-for-stm32.7-2018-q2-update.win32_1.4.0.202007081208/tools/bin/../lib/gcc/arm-none-eabi/7.3.1/thumb/v7-m/crti.o
 .data          0x0000000000000000        0x0 c:/st/stm32cubeide_1.4.0/stm32cubeide/plugins/com.st.stm32cube.ide.mcu.externaltools.gnu-tools-for-stm32.7-2018-q2-update.win32_1.4.0.202007081208/tools/bin/../lib/gcc/arm-none-eabi/7.3.1/thumb/v7-m/crti.o
 .bss           0x0000000000000000        0x0 c:/st/stm32cubeide_1.4.0/stm32cubeide/plugins/com.st.stm32cube.ide.mcu.externaltools.gnu-tools-for-stm32.7-2018-q2-update.win32_1.4.0.202007081208/tools/bin/../lib/gcc/arm-none-eabi/7.3.1/thumb/v7-m/crti.o
[...]
Memory Configuration

Name             Origin             Length             Attributes
RAM              0x0000000020000000 0x0000000000002800 xrw
ROM              0x0000000008000000 0x0000000000008000 xr
*default*        0x0000000000000000 0xffffffffffffffff

Linker script and memory map

LOAD c:/st/stm32cubeide_1.4.0/stm32cubeide/plugins/com.st.stm32cube.ide.mcu.externaltools.gnu-tools-for-stm32.7-2018-q2-update.win32_1.4.0.202007081208/tools/bin/../lib/gcc/arm-none-eabi/7.3.1/thumb/v7-m/crti.o
LOAD c:/st/stm32cubeide_1.4.0/stm32cubeide/plugins/com.st.stm32cube.ide.mcu.externaltools.gnu-tools-for-stm32.7-2018-q2-update.win32_1.4.0.202007081208/tools/bin/../lib/gcc/arm-none-eabi/7.3.1/thumb/v7-m/crtbegin.o
LOAD c:/st/stm32cubeide_1.4.0/stm32cubeide/plugins/com.st.stm32cube.ide.mcu.externaltools.gnu-tools-for-stm32.7-2018-q2-update.win32_1.4.0.202007081208/tools/bin/../lib/gcc/arm-none-eabi/7.3.1/../../../../arm-none-eabi/lib/thumb/v7-m/crt0.o
LOAD HAL/Kaypad.o
LOAD HAL/Seven_segment.o
LOAD HAL/lcd.o
LOAD MYRTOS/CortexMx_OS_Porting.o
LOAD MYRTOS/MY_RTOS_FIFO.o
LOAD MYRTOS/Scheduler.o
LOAD STM32F103C6_Driver/STM32F103C6_EXTRI_Driver.o
LOAD STM32F103C6_Driver/STM32F103C6_GPIO_Driver.o
LOAD Src/main.o
LOAD Src/syscalls.o
LOAD Src/sysmem.o
LOAD Startup/startup_stm32f103c6tx.o
START GROUP
LOAD c:/st/stm32cubeide_1.4.0/stm32cubeide/plugins/com.st.stm32cube.ide.mcu.externaltools.gnu-tools-for-stm32.7-2018-q2-update.win32_1.4.0.202007081208/tools/bin/../lib/gcc/arm-none-eabi/7.3.1/../../../../arm-none-eabi/lib/thumb/v7-m\libc_nano.a
LOAD c:/st/stm32cubeide_1.4.0/stm32cubeide/plugins/com.st.stm32cube.ide.mcu.externaltools.gnu-tools-for-stm32.7-2018-q2-update.win32_1.4.0.202007081208/tools/bin/../lib/gcc/arm-none-eabi/7.3.1/../../../../arm-none-eabi/lib/thumb/v7-m\libm.a
END GROUP
START GROUP
LOAD c:/st/stm32cubeide_1.4.0/stm32cubeide/plugins/com.st.stm32cube.ide.mcu.externaltools.gnu-tools-for-stm32.7-2018-q2-update.win32_1.4.0.202007081208/tools/bin/../lib/gcc/arm-none-eabi/7.3.1/thumb/v7-m\libgcc.a
LOAD c:/st/stm32cubeide_1.4.0/stm32cubeide/plugins/com.st.stm32cube.ide.mcu.externaltools.gnu-tools-for-stm32.7-2018-q2-update.win32_1.4.0.202007081208/tools/bin/../lib/gcc/arm-none-eabi/7.3.1/../../../../arm-none-eabi/lib/thumb/v7-m\libg_nano.a
LOAD c:/st/stm32cubeide_1.4.0/stm32cubeide/plugins/com.st.stm32cube.ide.mcu.externaltools.gnu-tools-for-stm32.7-2018-q2-update.win32_1.4.0.202007081208/tools/bin/../lib/gcc/arm-none-eabi/7.3.1/../../../../arm-none-eabi/lib/thumb/v7-m\libc_nano.a
END GROUP
START GROUP
LOAD c:/st/stm32cubeide_1.4.0/stm32cubeide/plugins/com.st.stm32cube.ide.mcu.externaltools.gnu-tools-for-stm32.7-2018-q2-update.win32_1.4.0.202007081208/tools/bin/../lib/gcc/arm-none-eabi/7.3.1/thumb/v7-m\libgcc.a
LOAD c:/st/stm32cubeide_1.4.0/stm32cubeide/plugins/com.st.stm32cube.ide.mcu.externaltools.gnu-tools-for-stm32.7-2018-q2-update.win32_1.4.0.202007081208/tools/bin/../lib/gcc/arm-none-eabi/7.3.1/../../../../arm-none-eabi/lib/thumb/v7-m\libc_nano.a
LOAD c:/st/stm32cubeide_1.4.0/stm32cubeide/plugins/com.st.stm32cube.ide.mcu.externaltools.gnu-tools-for-stm32.7-2018-q2-update.win32_1.4.0.202007081208/tools/bin/../lib/gcc/arm-none-eabi/7.3.1/../../../../arm-none-eabi/lib/thumb/v7-m\libnosys.a
END GROUP
START GROUP
LOAD c:/st/stm32cubeide_1.4.0/stm32cubeide/plugins/com.st.stm32cube.ide.mcu.externaltools.gnu-tools-for-stm32.7-2018-q2-update.win32_1.4.0.202007081208/tools/bin/../lib/gcc/arm-none-eabi/7.3.1/thumb/v7-m\libgcc.a
LOAD c:/st/stm32cubeide_1.4.0/stm32cubeide/plugins/com.st.stm32cube.ide.mcu.externaltools.gnu-tools-for-stm32.7-2018-q2-update.win32_1.4.0.202007081208/tools/bin/../lib/gcc/arm-none-eabi/7.3.1/../../../../arm-none-eabi/lib/thumb/v7-m\libc_nano.a
LOAD c:/st/stm32cubeide_1.4.0/stm32cubeide/plugins/com.st.stm32cube.ide.mcu.externaltools.gnu-tools-for-stm32.7-2018-q2-update.win32_1.4.0.202007081208/tools/bin/../lib/gcc/arm-none-eabi/7.3.1/../../../../arm-none-eabi/lib/thumb/v7-m\libnosys.a
END GROUP
LOAD c:/st/stm32cubeide_1.4.0/stm32cubeide/plugins/com.st.stm32cube.ide.mcu.externaltools.gnu-tools-for-stm32.7-2018-q2-update.win32_1.4.0.202007081208/tools/bin/../lib/gcc/arm-none-eabi/7.3.1/thumb/v7-m/crtend.o
LOAD c:/st/stm32cubeide_1.4.0/stm32cubeide/plugins/com.st.stm32cube.ide.mcu.externaltools.gnu-tools-for-stm32.7-2018-q2-update.win32_1.4.0.202007081208/tools/bin/../lib/gcc/arm-none-eabi/7.3.1/thumb/v7-m/crtn.o
                0x0000000020002800                _estack = (ORIGIN (RAM) + LENGTH (RAM))
                0x0000000000000200                _Min_Heap_Size = 0x200
                0x0000000000000400                _Min_Stack_Size = 0x400

.isr_vector     0x0000000008000000      0x130
                0x0000000008000000                . = ALIGN (0x4)
 *(.isr_vector)
 .isr_vector    0x0000000008000000      0x130 Startup/startup_stm32f103c6tx.o
                0x0000000008000000                g_pfnVectors
                0x0000000008000130                . = ALIGN (0x4)

.text           0x0000000008000130     0x10a0
                0x0000000008000130                . = ALIGN (0x4)
 *(.text)
 .text          0x0000000008000130       0x40 c:/st/stm32cubeide_1.4.0/stm32cubeide/plugins/com.st.stm32cube.ide.mcu.externaltools.gnu-tools-for-stm32.7-2018-q2-update.win32_1.4.0.202007081208/tools/bin/../lib/gcc/arm-none-eabi/7.3.1/thumb/v7-m/crtbegin.o
 .text          0x0000000008000170       0x14 c:/st/stm32cubeide_1.4.0/stm32cubeide/plugins/com.st.stm32cube.ide.mcu.externaltools.gnu-tools-for-stm32.7-2018-q2-update.win32_1.4.0.202007081208/tools/bin/../lib/gcc/arm-none-eabi/7.3.1/../../../../arm-none-eabi/lib/thumb/v7-m\libc_nano.a(lib_a-strcmp.o)
                0x0000000008000170                strcmp
 *(.text*)
 .text.__NVIC_SetPriority
                0x0000000008000184       0x54 MYRTOS/CortexMx_OS_Porting.o
 .text.SysTick_Config
                0x00000000080001d8       0x44 MYRTOS/CortexMx_OS_Porting.o
 .text.HardFault_Handler
                0x000000000800021c        0x6 MYRTOS/CortexMx_OS_Porting.o
                0x000000000800021c                HardFault_Handler
 .text.MemManage_Handler
                0x0000000008000222        0x6 MYRTOS/CortexMx_OS_Porting.o
                0x0000000008000222                MemManage_Handler
 .text.BusFault_Handler
                0x0000000008000228        0x6 MYRTOS/CortexMx_OS_Porting.o
                0x0000000008000228                BusFault_Handler
 .text.UsageFault_Handler
                0x000000000800022e        0x6 MYRTOS/CortexMx_OS_Porting.o
                0x000000000800022e                UsageFault_Handler
 .text.SVC_Handler
                0x0000000008000234       0x14 MYRTOS/CortexMx_OS_Porting.o
                0x0000000008000234                SVC_Handler
 .text.MYRTOS_HW_Init
                0x0000000008000248       0x12 MYRTOS/CortexMx_OS_Porting.o
                0x0000000008000248                MYRTOS_HW_Init
 *fill*         0x000000000800025a        0x2 
 .text.Trigger_OS_PendSV
                0x000000000800025c       0x1c MYRTOS/CortexMx_OS_Porting.o
                0x000000000800025c                Trigger_OS_PendSV
 .text.MYRTOS_Start_Ticker
                0x0000000008000278       0x10 MYRTOS/CortexMx_OS_Porting.o
                0x0000000008000278                MYRTOS_Start_Ticker
 .text.FIFO_init
                0x0000000008000288       0x44 MYRTOS/MY_RTOS_FIFO.o
                0x0000000008000288                FIFO_init
 .text.FIFO_enqueue
                0x00000000080002cc       0x84 MYRTOS/MY_RTOS_FIFO.o
                0x00000000080002cc                FIFO_enqueue
 .text.FIFO_dequeue
                0x0000000008000350       0x7a MYRTOS/MY_RTOS_FIFO.o
                0x0000000008000350                FIFO_dequeue
 *fill*         0x00000000080003ca        0x2 
 .text.PendSV_Handler
                0x00000000080003cc      0x1c4 MYRTOS/Scheduler.o
                0x00000000080003cc                PendSV_Handler
 .text.SysTick_Handler
                0x0000000008000590       0x24 MYRTOS/Scheduler.o
                0x0000000008000590                SysTick_Handler
 .text.MYRTOS_init
                0x00000000080005b4       0x78 MYRTOS/Scheduler.o
                0x00000000080005b4                MYRTOS_init
 .text.MYRTOS_Creat_Main_Stack
                0x000000000800062c       0x3c MYRTOS/Scheduler.o
                0x000000000800062c                MYRTOS_Creat_Main_Stack
 .text.MYRTOS_Idle_Task
                0x0000000008000668       0x18 MYRTOS/Scheduler.o
                0x0000000008000668                MYRTOS_Idle_Task
 .text.MYRTOS_Creat_Task
                0x0000000008000680       0x7c MYRTOS/Scheduler.o
                0x0000000008000680                MYRTOS_Creat_Task
 .text.MYRTOS_Creat_Task_Stack
                0x00000000080006fc       0x7c MYRTOS/Scheduler.o
                0x00000000080006fc                MYRTOS_Creat_Task_Stack
 .text.MYRTOS_Activate_Task
                0x0000000008000778       0x1e MYRTOS/Scheduler.o
                0x0000000008000778                MYRTOS_Activate_Task
 .text.MYRTOS_Terminate_Task
                0x0000000008000796       0x1e MYRTOS/Scheduler.o
                0x0000000008000796                MYRTOS_Terminate_Task
 .text.MYRTOS_OS_SVC_Set
                0x00000000080007b4       0x4c MYRTOS/Scheduler.o
                0x00000000080007b4                MYRTOS_OS_SVC_Set
 .text.OS_SVC   0x0000000008000800       0x7c MYRTOS/Scheduler.o
                0x0000000008000800                OS_SVC
 .text.MYRTOS_Update_scheduler_Table
                0x000000000800087c       0xe8 MYRTOS/Scheduler.o
                0x000000000800087c                MYRTOS_Update_scheduler_Table
 .text.MYRTOS_OS_Bauble_Sort
                0x0000000008000964       0x90 MYRTOS/Scheduler.o
                0x0000000008000964                MYRTOS_OS_Bauble_Sort
 .text.MYRTOS_Decide_What_Next
                0x00000000080009f4       0xa4 MYRTOS/Scheduler.o
                0x00000000080009f4                MYRTOS_Decide_What_Next
 .text.MYRTOS_Start
                0x0000000008000a98       0x60 MYRTOS/Scheduler.o
                0x0000000008000a98                MYRTOS_Start
 .text.MYRTOS_Update_Task_Waiting_Time
                0x0000000008000af8       0x88 MYRTOS/Scheduler.o
                0x0000000008000af8                MYRTOS_Update_Task_Waiting_Time
 .text.MYRTOS_Acquire_Mutex
                0x0000000008000b80       0x7a MYRTOS/Scheduler.o
                0x0000000008000b80                MYRTOS_Acquire_Mutex
 .text.MYRTOS_Release_Mutex
                0x0000000008000bfa       0x74 MYRTOS/Scheduler.o
                0x0000000008000bfa                MYRTOS_Release_Mutex
 *fill*         0x0000000008000c6e        0x2 
 .text.EXTI0_IRQHandler
                0x0000000008000c70       0x24 STM32F103C6_Driver/STM32F103C6_EXTRI_Driver.o
                0x0000000008000c70                EXTI0_IRQHandler
 .text.EXTI1_IRQHandler
                0x0000000008000c94       0x24 STM32F103C6_Driver/STM32F103C6_EXTRI_Driver.o
                0x0000000008000c94                EXTI1_IRQHandler
 .text.EXTI2_IRQHandler
                0x0000000008000cb8       0x24 STM32F103C6_Driver/STM32F103C6_EXTRI_Driver.o
                0x0000000008000cb8                EXTI2_IRQHandler
 .text.EXTI3_IRQHandler
                0x0000000008000cdc       0x24 STM32F103C6_Driver/STM32F103C6_EXTRI_Driver.o
                0x0000000008000cdc                EXTI3_IRQHandler
 .text.EXTI9_5_IRQHandler
                0x0000000008000d00       0xa8 STM32F103C6_Driver/STM32F103C6_EXTRI_Driver.o
                0x0000000008000d00                EXTI9_5_IRQHandler
 .text.EXTI15_10_IRQHandler
                0x0000000008000da8       0xc4 STM32F103C6_Driver/STM32F103C6_EXTRI_Driver.o
                0x0000000008000da8                EXTI15_10_IRQHandler
 .text.Task_ONE
                0x0000000008000e6c       0x5c Src/main.o
                0x0000000008000e6c                Task_ONE
 .text.Task_TWO
                0x0000000008000ec8       0x50 Src/main.o
                0x0000000008000ec8                Task_TWO
 .text.Task_THREE
                0x0000000008000f18       0x50 Src/main.o
                0x0000000008000f18                Task_THREE
 .text.Task_FOUR
                0x0000000008000f68       0x58 Src/main.o
                0x0000000008000f68                Task_FOUR
 .text.main     0x0000000008000fc0      0x15c Src/main.o
                0x0000000008000fc0                main
 .text.Reset_Handler
                0x000000000800111c       0x50 Startup/startup_stm32f103c6tx.o
                0x000000000800111c                Reset_Handler
 .text.Default_Handler
                0x000000000800116c        0x2 Startup/startup_stm32f103c6tx.o
                0x000000000800116c                TIM8_TRG_COM_IRQHandler
                0x000000000800116c                TIM8_CC_IRQHandler
                0x000000000800116c                DebugMon_Handler
                0x000000000800116c                TIM1_CC_IRQHandler
                0x000000000800116c                TIM6_IRQHandler
                0x000000000800116c                PVD_IRQHandler
                0x000000000800116c                SDIO_IRQHandler
                0x000000000800116c                NMI_Handler
                0x000000000800116c                USB_HP_CAN_TX_IRQHandler
                0x000000000800116c                I2C2_EV_IRQHandler
                0x000000000800116c                ADC1_2_IRQHandler
                0x000000000800116c                SPI1_IRQHandler
                0x000000000800116c                CAN_SCE_IRQHandler
                0x000000000800116c                TAMPER_IRQHandler
                0x000000000800116c                TIM8_UP_IRQHandler
                0x000000000800116c                DMA2_Channel2_IRQHandler
                0x000000000800116c                DMA1_Channel4_IRQHandler
                0x000000000800116c                USART3_IRQHandler
                0x000000000800116c                RTC_IRQHandler
                0x000000000800116c                DMA1_Channel7_IRQHandler
                0x000000000800116c                UART5_IRQHandler
                0x000000000800116c                ADC3_IRQHandler
                0x000000000800116c                TIM4_IRQHandler
                0x000000000800116c                CAN_RX1_IRQHandler
                0x000000000800116c                DMA2_Channel1_IRQHandler
                0x000000000800116c                I2C1_EV_IRQHandler
                0x000000000800116c                DMA1_Channel6_IRQHandler
                0x000000000800116c                UART4_IRQHandler
                0x000000000800116c                TIM3_IRQHandler
                0x000000000800116c                RCC_IRQHandler
                0x000000000800116c                TIM1_TRG_COM_IRQHandler
                0x000000000800116c                DMA1_Channel1_IRQHandler
                0x000000000800116c                Default_Handler
                0x000000000800116c                TIM7_IRQHandler
                0x000000000800116c                TIM5_IRQHandler
                0x000000000800116c                SPI2_IRQHandler
                0x000000000800116c                USB_LP_CAN_RX0_IRQHandler
                0x000000000800116c                DMA1_Channel5_IRQHandler
                0x000000000800116c                EXTI4_IRQHandler
                0x000000000800116c                DMA1_Channel3_IRQHandler
                0x000000000800116c                FSMC_IRQHandler
                0x000000000800116c                TIM1_UP_IRQHandler
                0x000000000800116c                WWDG_IRQHandler
                0x000000000800116c                TIM2_IRQHandler
                0x000000000800116c                TIM1_BRK_IRQHandler
                0x000000000800116c                RTCAlarm_IRQHandler
                0x000000000800116c                DMA2_Channel4_5_IRQHandler
                0x000000000800116c                USART2_IRQHandler
                0x000000000800116c                I2C2_ER_IRQHandler
                0x000000000800116c                DMA1_Channel2_IRQHandler
                0x000000000800116c                TIM8_BRK_IRQHandler
                0x000000000800116c                FLASH_IRQHandler
                0x000000000800116c                USART1_IRQHandler
                0x000000000800116c                SPI3_IRQHandler
                0x000000000800116c                I2C1_ER_IRQHandler
                0x000000000800116c                DMA2_Channel3_IRQHandler
 *fill*         0x000000000800116e        0x2 
 .text.__libc_init_array
                0x0000000008001170       0x48 c:/st/stm32cubeide_1.4.0/stm32cubeide/plugins/com.st.stm32cube.ide.mcu.externaltools.gnu-tools-for-stm32.7-2018-q2-update.win32_1.4.0.202007081208/tools/bin/../lib/gcc/arm-none-eabi/7.3.1/../../../../arm-none-eabi/lib/thumb/v7-m\libc_nano.a(lib_a-init.o)
                0x0000000008001170                __libc_init_array
 *(.glue_7)
 .glue_7        0x00000000080011b8        0x0 linker stubs
 *(.glue_7t)
 .glue_7t       0x00000000080011b8        0x0 linker stubs
 *(.eh_frame)
 .eh_frame      0x00000000080011b8        0x0 c:/st/stm32cubeide_1.4.0/stm32cubeide/plugins/com.st.stm32cube.ide.mcu.externaltools.gnu-tools-for-stm32.7-2018-q2-update.win32_1.4.0.202007081208/tools/bin/../lib/gcc/arm-none-eabi/7.3.1/thumb/v7-m/crtbegin.o
 *(.init)
 .init          0x00000000080011b8        0x4 c:/st/stm32cubeide_1.4.0/stm32cubeide/plugins/com.st.stm32cube.ide.mcu.externaltools.gnu-tools-for-stm32.7-2018-q2-update.win32_1.4.0.202007081208/tools/bin/../lib/gcc/arm-none-eabi/7.3.1/thumb/v7-m/crti.o
                0x00000000080011b8                _init
 .init          0x00000000080011bc        0x8 c:/st/stm32cubeide_1.4.0/stm32cubeide/plugins/com.st.stm32cube.ide.mcu.externaltools.gnu-tools-for-stm32.7-2018-q2-update.win32_1.4.0.202007081208/tools/bin/../lib/gcc/arm-none-eabi/7.3.1/thumb/v7-m/crtn.o
 *(.fini)
 .fini          0x00000000080011c4        0x4 c:/st/stm32cubeide_1.4.0/stm32cubeide/plugins/com.st.stm32cube.ide.mcu.externaltools.gnu-tools-for-stm32.7-2018-q2-update.win32_1.4.0.202007081208/tools/bin/../lib/gcc/arm-none-eabi/7.3.1/thumb/v7-m/crti.o
                0x00000000080011c4                _fini
 .fini          0x00000000080011c8        0x8 c:/st/stm32cubeide_1.4.0/stm32cubeide/plugins/com.st.stm32cube.ide.mcu.externaltools.gnu-tools-for-stm32.7-2018-q2-update.win32_1.4.0.202007081208/tools/bin/../lib/gcc/arm-none-eabi/7.3.1/thumb/v7-m/crtn.o
                0x00000000080011d0                . = ALIGN (0x4)
                0x00000000080011d0                _etext = .

.vfp11_veneer   0x00000000080011d0        0x0
 .vfp11_veneer  0x00000000080011d0        0x0 linker stubs

.v4_bx          0x00000000080011d0        0x0
 .v4_bx         0x00000000080011d0        0x0 linker stubs

.iplt           0x00000000080011d0        0x0
 .iplt          0x00000000080011d0        0x0 c:/st/stm32cubeide_1.4.0/stm32cubeide/plugins/com.st.stm32cube.ide.mcu.externaltools.gnu-tools-for-stm32.7-2018-q2-update.win32_1.4.0.202007081208/tools/bin/../lib/gcc/arm-none-eabi/7.3.1/thumb/v7-m/crtbegin.o

.rodata         0x00000000080011d0       0x34
                0x00000000080011d0                . = ALIGN (0x4)
 *(.rodata)
 .rodata        0x00000000080011d0        0xa MYRTOS/Scheduler.o
 *fill*         0x00000000080011da        0x2 
 .rodata        0x00000000080011dc       0x27 Src/main.o
 *(.rodata*)
                0x0000000008001204                . = ALIGN (0x4)
 *fill*         0x0000000008001203        0x1 

.rel.dyn        0x0000000008001204        0x0
 .rel.iplt      0x0000000008001204        0x0 c:/st/stm32cubeide_1.4.0/stm32cubeide/plugins/com.st.stm32cube.ide.mcu.externaltools.gnu-tools-for-stm32.7-2018-q2-update.win32_1.4.0.202007081208/tools/bin/../lib/gcc/arm-none-eabi/7.3.1/thumb/v7-m/crtbegin.o

.ARM.extab      0x0000000008001204        0x0
                0x0000000008001204                . = ALIGN (0x4)
 *(.ARM.extab* .gnu.linkonce.armextab.*)
                0x0000000008001204                . = ALIGN (0x4)

.ARM            0x0000000008001204        0x0
                0x0000000008001204                . = ALIGN (0x4)
                0x0000000008001204                __exidx_start = .
 *(.ARM.exidx*)
                0x0000000008001204                __exidx_end = .
                0x0000000008001204                . = ALIGN (0x4)

.preinit_array  0x0000000008001204        0x0
                0x0000000008001204                . = ALIGN (0x4)
                0x0000000008001204                PROVIDE (__preinit_array_start = .)
 *(.preinit_array*)
                0x0000000008001204                PROVIDE (__preinit_array_end = .)
                0x0000000008001204                . = ALIGN (0x4)

.init_array     0x0000000008001204        0x4
                0x0000000008001204                . = ALIGN (0x4)
                0x0000000008001204                PROVIDE (__init_array_start = .)
 *(SORT_BY_NAME(.init_array.*))
 *(.init_array*)
 .init_array    0x0000000008001204        0x4 c:/st/stm32cubeide_1.4.0/stm32cubeide/plugins/com.st.stm32cube.ide.mcu.externaltools.gnu-tools-for-stm32.7-2018-q2-update.win32_1.4.0.202007081208/tools/bin/../lib/gcc/arm-none-eabi/7.3.1/thumb/v7-m/crtbegin.o
                0x0000000008001208                PROVIDE (__init_array_end = .)
                0x0000000008001208                . = ALIGN (0x4)

.fini_array     0x0000000008001208        0x4
                0x0000000008001208                . = ALIGN (0x4)
                [!provide]                        PROVIDE (__fini_array_start = .)
 *(SORT_BY_NAME(.fini_array.*))
 *(.fini_array*)
 .fini_array    0x0000000008001208        0x4 c:/st/stm32cubeide_1.4.0/stm32cubeide/plugins/com.st.stm32cube.ide.mcu.externaltools.gnu-tools-for-stm32.7-2018-q2-update.win32_1.4.0.202007081208/tools/bin/../lib/gcc/arm-none-eabi/7.3.1/thumb/v7-m/crtbegin.o
                [!provide]                        PROVIDE (__fini_array_end = .)
                0x000000000800120c                . = ALIGN (0x4)
                0x000000000800120c                _sidata = LOADADDR (.data)

.data           0x0000000020000000        0x4 load address 0x000000000800120c
                0x0000000020000000                . = ALIGN (0x4)
                0x0000000020000000                _sdata = .
 *(.data)
 *(.data*)
 .data.payload  0x0000000020000000        0x3 Src/main.o
                0x0000000020000000                payload
                0x0000000020000004                . = ALIGN (0x4)
 *fill*         0x0000000020000003        0x1 
                0x0000000020000004                _edata = .

.igot.plt       0x0000000020000004        0x0 load address 0x0000000008001210
 .igot.plt      0x0000000020000004        0x0 c:/st/stm32cubeide_1.4.0/stm32cubeide/plugins/com.st.stm32cube.ide.mcu.externaltools.gnu-tools-for-stm32.7-2018-q2-update.win32_1.4.0.202007081208/tools/bin/../lib/gcc/arm-none-eabi/7.3.1/thumb/v7-m/crtbegin.o
                0x0000000020000004                . = ALIGN (0x4)

.bss            0x0000000020000004      0x6e4 load address 0x0000000008001210
                0x0000000020000004                _sbss = .
                0x0000000020000004                __bss_start__ = _sbss
 *(.bss)
 .bss           0x0000000020000004       0x1c c:/st/stm32cubeide_1.4.0/stm32cubeide/plugins/com.st.stm32cube.ide.mcu.externaltools.gnu-tools-for-stm32.7-2018-q2-update.win32_1.4.0.202007081208/tools/bin/../lib/gcc/arm-none-eabi/7.3.1/thumb/v7-m/crtbegin.o
 *(.bss*)
 .bss.counter.6030
                0x0000000020000020        0x4 Src/main.o
 .bss.counter.6035
                0x0000000020000024        0x4 Src/main.o
 .bss.counter.6040
                0x0000000020000028        0x4 Src/main.o
 .bss.counter.6045
                0x000000002000002c        0x4 Src/main.o
 *(COMMON)
 COMMON         0x0000000020000030      0x52c MYRTOS/Scheduler.o
                0x0000000020000030                Ready_Queue
                0x0000000020000044                OS_Control
                0x00000000200001f0                G_Mutex
                0x0000000020000380                systickLED
                0x0000000020000384                IdletaskLED
                0x0000000020000388                MYRTOS_IDLE_Task
                0x00000000200003cc                Ready_Queue_FIFO
 COMMON         0x000000002000055c       0x3c STM32F103C6_Driver/STM32F103C6_EXTRI_Driver.o
                0x000000002000055c                GP_IRQ_CallBack
 COMMON         0x0000000020000598      0x150 Src/main.o
                0x0000000020000598                Task4
                0x00000000200005dc                task2LED
                0x00000000200005e0                MUTEX1
                0x0000000020000610                task3LED
                0x0000000020000614                task4LED
                0x0000000020000618                Task1
                0x000000002000065c                Task3
                0x00000000200006a0                task1LED
                0x00000000200006a4                Task2
                0x00000000200006e8                . = ALIGN (0x4)
                0x00000000200006e8                _ebss = .
                0x00000000200006e8                __bss_end__ = _ebss

._user_heap_stack
                0x00000000200006e8      0x200 load address 0x0000000008001210
                0x00000000200006e8                . = ALIGN (0x8)
                [!provide]                        PROVIDE (end = .)
                0x00000000200006e8                PROVIDE (_end = .)
                0x00000000200008e8                . = (. + _Min_Heap_Size)
 *fill*         0x00000000200006e8      0x200 
                0x00000000200008e8                . = ALIGN (0x8)
                0x00000000200008e8                _eheap = .

/DISCARD/
 libc.a(*)
 libm.a(*)
 libgcc.a(*)

.ARM.attributes
                0x0000000000000000       0x29
 *(.ARM.attributes)
 .ARM.attributes
                0x0000000000000000       0x1d c:/st/stm32cubeide_1.4.0/stm32cubeide/plugins/com.st.stm32cube.ide.mcu.externaltools.gnu-tools-for-stm32.7-2018-q2-update.win32_1.4.0.202007081208/tools/bin/../lib/gcc/arm-none-eabi/7.3.1/thumb/v7-m/crti.o
 .ARM.attributes
                0x000000000000001d       0x2d c:/st/stm32cubeide_1.4.0/stm32cubeide/plugins/com.st.stm32cube.ide.mcu.externaltools.gnu-tools-for-stm32.7-2018-q2-update.win32_1.4.0.202007081208/tools/bin/../lib/gcc/arm-none-eabi/7.3.1/thumb/v7-m/crtbegin.o
 .ARM.attributes
                0x000000000000004a       0x33 MYRTOS/CortexMx_OS_Porting.o
 .ARM.attributes
                0x000000000000007d       0x33 MYRTOS/MY_RTOS_FIFO.o
 .ARM.attributes
                0x00000000000000b0       0x33 MYRTOS/Scheduler.o
 .ARM.attributes
                0x00000000000000e3       0x33 STM32F103C6_Driver/STM32F103C6_EXTRI_Driver.o
 .ARM.attributes
                0x0000000000000116       0x33 Src/main.o
 .ARM.attributes
                0x0000000000000149       0x21 Startup/startup_stm32f103c6tx.o
 .ARM.attributes
                0x000000000000016a       0x2d c:/st/stm32cubeide_1.4.0/stm32cubeide/plugins/com.st.stm32cube.ide.mcu.externaltools.gnu-tools-for-stm32.7-2018-q2-update.win32_1.4.0.202007081208/tools/bin/../lib/gcc/arm-none-eabi/7.3.1/../../../../arm-none-eabi/lib/thumb/v7-m\libc_nano.a(lib_a-init.o)
 .ARM.attributes
                0x0000000000000197       0x1b c:/st/stm32cubeide_1.4.0/stm32cubeide/plugins/com.st.stm32cube.ide.mcu.externaltools.gnu-tools-for-stm32.7-2018-q2-update.win32_1.4.0.202007081208/tools/bin/../lib/gcc/arm-none-eabi/7.3.1/../../../../arm-none-eabi/lib/thumb/v7-m\libc_nano.a(lib_a-strcmp.o)
 .ARM.attributes
                0x00000000000001b2       0x1d c:/st/stm32cubeide_1.4.0/stm32cubeide/plugins/com.st.stm32cube.ide.mcu.externaltools.gnu-tools-for-stm32.7-2018-q2-update.win32_1.4.0.202007081208/tools/bin/../lib/gcc/arm-none-eabi/7.3.1/thumb/v7-m/crtn.o
OUTPUT(Drivers.axf elf32-littlearm)

.debug_info     0x0000000000000000     0x49b3
 .debug_info    0x0000000000000000      0xef2 MYRTOS/CortexMx_OS_Porting.o
 .debug_info    0x0000000000000ef2      0xccc MYRTOS/MY_RTOS_FIFO.o
 .debug_info    0x0000000000001bbe     0x121b MYRTOS/Scheduler.o
 .debug_info    0x0000000000002dd9      0xe05 STM32F103C6_Driver/STM32F103C6_EXTRI_Driver.o
 .debug_info    0x0000000000003bde      0xdb3 Src/main.o
 .debug_info    0x0000000000004991       0x22 Startup/startup_stm32f103c6tx.o

.debug_abbrev   0x0000000000000000      0xaed
 .debug_abbrev  0x0000000000000000      0x223 MYRTOS/CortexMx_OS_Porting.o
 .debug_abbrev  0x0000000000000223      0x1cf MYRTOS/MY_RTOS_FIFO.o
 .debug_abbrev  0x00000000000003f2      0x2f4 MYRTOS/Scheduler.o
 .debug_abbrev  0x00000000000006e6      0x217 STM32F103C6_Driver/STM32F103C6_EXTRI_Driver.o
 .debug_abbrev  0x00000000000008fd      0x1de Src/main.o
 .debug_abbrev  0x0000000000000adb       0x12 Startup/startup_stm32f103c6tx.o

.debug_loc      0x0000000000000000      0xcf4
 .debug_loc     0x0000000000000000      0x1f8 MYRTOS/CortexMx_OS_Porting.o
 .debug_loc     0x00000000000001f8      0x1cc MYRTOS/MY_RTOS_FIFO.o
 .debug_loc     0x00000000000003c4      0x528 MYRTOS/Scheduler.o
 .debug_loc     0x00000000000008ec      0x320 STM32F103C6_Driver/STM32F103C6_EXTRI_Driver.o
 .debug_loc     0x0000000000000c0c       0xe8 Src/main.o

.debug_aranges  0x0000000000000000      0x240
 .debug_aranges
                0x0000000000000000       0x68 MYRTOS/CortexMx_OS_Porting.o
 .debug_aranges
                0x0000000000000068       0x40 MYRTOS/MY_RTOS_FIFO.o
 .debug_aranges
                0x00000000000000a8       0xb0 MYRTOS/Scheduler.o
 .debug_aranges
                0x0000000000000158       0x80 STM32F103C6_Driver/STM32F103C6_EXTRI_Driver.o
 .debug_aranges
                0x00000000000001d8       0x40 Src/main.o
 .debug_aranges
                0x0000000000000218       0x28 Startup/startup_stm32f103c6tx.o

.debug_ranges   0x0000000000000000      0x200
 .debug_ranges  0x0000000000000000       0x58 MYRTOS/CortexMx_OS_Porting.o
 .debug_ranges  0x0000000000000058       0x30 MYRTOS/MY_RTOS_FIFO.o
 .debug_ranges  0x0000000000000088       0xb8 MYRTOS/Scheduler.o
 .debug_ranges  0x0000000000000140       0x70 STM32F103C6_Driver/STM32F103C6_EXTRI_Driver.o
 .debug_ranges  0x00000000000001b0       0x30 Src/main.o
 .debug_ranges  0x00000000000001e0       0x20 Startup/startup_stm32f103c6tx.o

.debug_macro    0x0000000000000000     0x24e0
 .debug_macro   0x0000000000000000      0x259 MYRTOS/CortexMx_OS_Porting.o
 .debug_macro   0x0000000000000259       0x28 MYRTOS/CortexMx_OS_Porting.o
 .debug_macro   0x0000000000000281       0x8e MYRTOS/CortexMx_OS_Porting.o
 .debug_macro   0x000000000000030f       0x51 MYRTOS/CortexMx_OS_Porting.o
 .debug_macro   0x0000000000000360       0x1c MYRTOS/CortexMx_OS_Porting.o
 .debug_macro   0x000000000000037c       0x22 MYRTOS/CortexMx_OS_Porting.o
 .debug_macro   0x000000000000039e       0xe5 MYRTOS/CortexMx_OS_Porting.o
 .debug_macro   0x0000000000000483      0xe2d MYRTOS/CortexMx_OS_Porting.o
 .debug_macro   0x00000000000012b0      0x11f MYRTOS/CortexMx_OS_Porting.o
 .debug_macro   0x00000000000013cf       0x46 MYRTOS/CortexMx_OS_Porting.o
 .debug_macro   0x0000000000001415      0x32a MYRTOS/CortexMx_OS_Porting.o
 .debug_macro   0x000000000000173f       0x16 MYRTOS/CortexMx_OS_Porting.o
 .debug_macro   0x0000000000001755       0x35 MYRTOS/CortexMx_OS_Porting.o
 .debug_macro   0x000000000000178a       0x20 MYRTOS/CortexMx_OS_Porting.o
 .debug_macro   0x00000000000017aa       0x2e MYRTOS/CortexMx_OS_Porting.o
 .debug_macro   0x00000000000017d8      0x26d MYRTOS/MY_RTOS_FIFO.o
 .debug_macro   0x0000000000001a45       0xdf MYRTOS/MY_RTOS_FIFO.o
 .debug_macro   0x0000000000001b24      0x27d MYRTOS/Scheduler.o
 .debug_macro   0x0000000000001da1      0x1e9 STM32F103C6_Driver/STM32F103C6_EXTRI_Driver.o
 .debug_macro   0x0000000000001f8a       0xd0 STM32F103C6_Driver/STM32F103C6_EXTRI_Driver.o
 .debug_macro   0x000000000000205a      0x20f STM32F103C6_Driver/STM32F103C6_EXTRI_Driver.o
 .debug_macro   0x0000000000002269      0x277 Src/main.o

.debug_line     0x0000000000000000     0x2684
 .debug_line    0x0000000000000000      0x73f MYRTOS/CortexMx_OS_Porting.o
 .debug_line    0x000000000000073f      0x70d MYRTOS/MY_RTOS_FIFO.o
 .debug_line    0x0000000000000e4c      0x8f6 MYRTOS/Scheduler.o
 .debug_line    0x0000000000001742      0x7a6 STM32F103C6_Driver/STM32F103C6_EXTRI_Driver.o
 .debug_line    0x0000000000001ee8      0x718 Src/main.o
 .debug_line    0x0000000000002600       0x84 Startup/startup_stm32f103c6tx.o

.debug_str      0x0000000000000000    0x10fd0
 .debug_str     0x0000000000000000     0xe6b8 MYRTOS/CortexMx_OS_Porting.o
                                       0xe92f (size before relaxing)
 .debug_str     0x000000000000e6b8      0x217 MYRTOS/MY_RTOS_FIFO.o
                                       0xe84a (size before relaxing)
 .debug_str     0x000000000000e8cf      0x484 MYRTOS/Scheduler.o
                                       0xec69 (size before relaxing)
 .debug_str     0x000000000000ed53     0x21c7 STM32F103C6_Driver/STM32F103C6_EXTRI_Driver.o
                                       0xa1ca (size before relaxing)
 .debug_str     0x0000000000010f1a       0x85 Src/main.o
                                       0xe923 (size before relaxing)
 .debug_str     0x0000000000010f9f       0x31 Startup/startup_stm32f103c6tx.o
                                         0x46 (size before relaxing)

.comment        0x0000000000000000       0x7b
 .comment       0x0000000000000000       0x7b MYRTOS/CortexMx_OS_Porting.o
                                         0x7c (size before relaxing)
 .comment       0x000000000000007b       0x7c MYRTOS/MY_RTOS_FIFO.o
 .comment       0x000000000000007b       0x7c MYRTOS/Scheduler.o
 .comment       0x000000000000007b       0x7c STM32F103C6_Driver/STM32F103C6_EXTRI_Driver.o
 .comment       0x000000000000007b       0x7c Src/main.o

.debug_frame    0x0000000000000000      0x724
 .debug_frame   0x0000000000000000      0x124 MYRTOS/CortexMx_OS_Porting.o
 .debug_frame   0x0000000000000124       0xd8 MYRTOS/MY_RTOS_FIFO.o
 .debug_frame   0x00000000000001fc      0x28c MYRTOS/Scheduler.o
 .debug_frame   0x0000000000000488      0x1b0 STM32F103C6_Driver/STM32F103C6_EXTRI_Driver.o
 .debug_frame   0x0000000000000638       0xa0 Src/main.o
 .debug_frame   0x00000000000006d8       0x2c c:/st/stm32cubeide_1.4.0/stm32cubeide/plugins/com.st.stm32cube.ide.mcu.externaltools.gnu-tools-for-stm32.7-2018-q2-update.win32_1.4.0.202007081208/tools/bin/../lib/gcc/arm-none-eabi/7.3.1/../../../../arm-none-eabi/lib/thumb/v7-m\libc_nano.a(lib_a-init.o)
 .debug_frame   0x0000000000000704       0x20 c:/st/stm32cubeide_1.4.0/stm32cubeide/plugins/com.st.stm32cube.ide.mcu.externaltools.gnu-tools-for-stm32.7-2018-q2-update.win32_1.4.0.202007081208/tools/bin/../lib/gcc/arm-none-eabi/7.3.1/../../../../arm-none-eabi/lib/thumb/v7-m\libc_nano.a(lib_a-strcmp.o)
