STM32F103C6_EXTRI_Driver.c:32:6:Enable_NVIC	16	static
STM32F103C6_EXTRI_Driver.c:69:6:Disable_NVIC	16	static
STM32F103C6_EXTRI_Driver.c:105:6:Update_EXTRI	24	static
STM32F103C6_EXTRI_Driver.c:163:6:MCAL_EXTRI_GPIO_DEINIT	4	static
STM32F103C6_EXTRI_Driver.c:193:6:MCAL_EXTRI_GPIO_INIT	16	static
STM32F103C6_EXTRI_Driver.c:206:6:MCAL_EXTRI_GPIO_Update	16	static
STM32F103C6_EXTRI_Driver.c:217:6:EXTI0_IRQHandler	8	static
STM32F103C6_EXTRI_Driver.c:224:6:EXTI1_IRQHandler	8	static
STM32F103C6_EXTRI_Driver.c:230:6:EXTI2_IRQHandler	8	static
STM32F103C6_EXTRI_Driver.c:236:6:EXTI3_IRQHandler	8	static
STM32F103C6_EXTRI_Driver.c:243:7:EXT4_IRQHandler	8	static
STM32F103C6_EXTRI_Driver.c:250:6:EXTI9_5_IRQHandler	8	static
STM32F103C6_EXTRI_Driver.c:261:6:EXTI15_10_IRQHandler	8	static
