core_cm3.h:1638:22:__NVIC_SetPriority	16	static
core_cm3.h:1836:26:SysTick_Config	16	static
CortexMx_OS_Porting.c:13:6:HardFault_Handler	4	static
CortexMx_OS_Porting.c:18:6:MemManage_Handler	4	static
CortexMx_OS_Porting.c:23:6:BusFault_Handler	4	static
CortexMx_OS_Porting.c:28:6:UsageFault_Handler	4	static
CortexMx_OS_Porting.c:37:28:SVC_Handler	0	static,ignoring_inline_asm
CortexMx_OS_Porting.c:48:6:MYRTOS_HW_Init	8	static
CortexMx_OS_Porting.c:61:6:Trigger_OS_PendSV	4	static
CortexMx_OS_Porting.c:68:6:MYRTOS_Start_Ticker	8	static
