Scheduler.c:95:23:PendSV_Handler	0	static,ignoring_inline_asm
Scheduler.c:175:6:SysTick_Handler	8	static
Scheduler.c:187:21:MYRTOS_init	16	static
Scheduler.c:212:6:MYRTOS_Creat_Main_Stack	4	static
Scheduler.c:223:6:MYRTOS_Idle_Task	4	static,ignoring_inline_asm
Scheduler.c:242:21:MYRTOS_Creat_Task	24	static
Scheduler.c:276:6:MYRTOS_Creat_Task_Stack	24	static
Scheduler.c:302:6:MYRTOS_Activate_Task	16	static
Scheduler.c:308:6:MYRTOS_Terminate_Task	16	static
Scheduler.c:315:6:MYRTOS_OS_SVC_Set	16	static,ignoring_inline_asm
Scheduler.c:331:6:OS_SVC	24	static
Scheduler.c:365:6:MYRTOS_Update_scheduler_Table	32	static
Scheduler.c:422:6:MYRTOS_OS_Bauble_Sort	24	static
Scheduler.c:456:6:MYRTOS_Decide_What_Next	8	static
Scheduler.c:485:6:MYRTOS_Start	8	static,ignoring_inline_asm
Scheduler.c:506:6:MYRTOS_Task_Wait	16	static
Scheduler.c:518:6:MYRTOS_Update_Task_Waiting_Time	16	static
Scheduler.c:555:21:MYRTOS_Acquire_Mutex	16	static
Scheduler.c:592:6:MYRTOS_Release_Mutex	16	static
